Already up to date
Done in 728ms using pnpm v11.21.0
node.exe : $ node scripts/worker-types.mjs && vite build
At C:\Users\Nick\node-global\pnpm.ps1:24 char:5
+     & "node$exe"  "$basedir/node_modules/pnpm/bin/pnpm.mjs" $args
+     ~~~~~~~~~~~~~~~~~~~~~~~~~~~~~~~~~~~~~~~~~~~~~~~~~~~~~~~~~~~~~
    + CategoryInfo          : NotSpecified: ($ node scripts/...s && vite build:String) [], RemoteException
    + FullyQualifiedErrorId : NativeCommandError
 

 ⛅️ wrangler 4.130.0 (update available 4.132.0)
───────────────────────────────────────────────
Generating project types...

interface __BaseEnv_Env {
	halalneo_assets: R2Bucket;
	DB: D1Database;
	ASSETS: Fetcher;
	ORIGIN: string;
	BETTER_AUTH_SECRET: string;
	ADMIN_EMAILS: string;
}
declare namespace Cloudflare {
	interface GlobalProps {
		mainModule: typeof import("./.svelte-kit/cloudflare/_worker");
	}
	interface Env extends __BaseEnv_Env {}
}
interface Env extends __BaseEnv_Env {}
type StringifyValues<EnvType extends Record<string, unknown>> = {
	[Binding in keyof EnvType]: EnvType[Binding] extends string ? EnvType[Binding] : string;
};
declare namespace NodeJS {
	interface ProcessEnv extends StringifyValues<Pick<Cloudflare.Env, "ORIGIN" | "BETTER_AUTH_SECRET" | "ADMIN_EMAILS">> {}
}

Generating runtime types...

Runtime types generated.


✨ Types written to worker-configuration.d.ts

📖 Read about runtime types
https://developers.cloudflare.com/workers/languages/typescript/#generate-types
📣 Remember to rerun 'wrangler types' after you change your wrangler.jsonc file.

vite v8.3.0 building ssr environment for production...
ℹ [paraglide-js] Compilation skipped — inputs unchanged (message-modules)
transforming...
16:07:24 [vite-plugin-svelte] src/routes/verify/+page.svelte:29:20 This reference only captures the initial value of `d
ata`. Did you mean to reference it inside a derived instead?
https://svelte.dev/e/state_referenced_locally
27: 
28:   let { data } = $props();
29:   let query = $state(data.q ?? '');
                             ^
30:   let errors = $state<Record<string, string>>({});
31:   let formEl = $state<HTMLFormElement | null>(null);
✓ 1842 modules transformed.
✗ Build failed in 13.32s
error during build:
Build failed with 5 errors:

[plugin vite-plugin-svelte:compile] D:/Dev Projects/halalneo/src/routes/market-guides/+page.svelte:268:2
RolldownError: D:/Dev Projects/halalneo/src/routes/market-guides/+page.svelte:268:2 A component can only have one `<sve
lte:head>` element
https://svelte.dev/e/svelte_meta_duplicate
 266 |    <!-- Structured Data Keywords -->
 267 |    {#if data.guides.length > 0}
 268 |      <svelte:head>
            ^
 269 |        <!-- Schema: Collection -->
 270 |        {@html `<script type="application/ld+json">${JSON.stringify({
[plugin vite-plugin-svelte:compile] D:/Dev Projects/halalneo/src/routes/+layout.svelte:54:5
RolldownError: D:/Dev Projects/halalneo/src/routes/+layout.svelte:54:5 Unexpected token
https://svelte.dev/e/js_parse_error
 52 |          }, 100);
 53 |        });
 54 |      });
            ^
 55 |      
 56 |      // 为卡片添加悬停效果
[plugin vite-plugin-svelte:compile] D:/Dev Projects/halalneo/src/routes/admin/quality/+page.svelte:86:12
RolldownError: D:/Dev Projects/halalneo/src/routes/admin/quality/+page.svelte:86:12 Expected token }
https://svelte.dev/e/expected_token
 84 |  <QualityDashboard 
 85 |    svelte:target={document.body}
 86 |    {dataCounts={mockDataCounts}}
                    ^
 87 |    {qualityMetrics={mockQualityMetrics}}
 88 |    onrefresh={refreshData}
[plugin vite-plugin-svelte:compile] D:/Dev Projects/halalneo/src/routes/+page.svelte:143:13
RolldownError: D:/Dev Projects/halalneo/src/routes/+page.svelte:143:13 Expected token }
https://svelte.dev/e/expected_token
 141 |            <div class="relative min-h-[200px]">
 142 |              <img
 143 |                {slide.image}
                            ^
 144 |                alt={slide.title}
 145 |                class="h-full w-full object-cover"
[plugin vite-plugin-svelte:compile] D:/Dev Projects/halalneo/src/lib/components/seo-meta.svelte:9:2
RolldownError: src/lib/components/seo-meta.svelte:9:2 Cannot use `export let` in runes mode — use `$props()` instead
https://svelte.dev/e/legacy_export_invalid
  7 |    import { getCanonicalUrl } from '#lib/utils.js';
  8 |  
  9 |    export let title = $props();
                                     ^
 10 |    export let description = $props();
 11 |    export let ogTitle: string | undefined = undefined;
    at aggregateBindingErrorsIntoJsError (file:///D:/Dev%20Projects/halalneo/node_modules/.pnpm/rolldown@1.2.8/node_mod
ules/rolldown/dist/shared/error-CRNyaqoL.mjs:48:18)
    at unwrapBindingResult (file:///D:/Dev%20Projects/halalneo/node_modules/.pnpm/rolldown@1.2.8/node_modules/rolldown/
dist/shared/error-CRNyaqoL.mjs:18:128)
    at #build (file:///D:/Dev%20Projects/halalneo/node_modules/.pnpm/rolldown@1.2.8/node_modules/rolldown/dist/shared/r
olldown-B-jRyK4b.mjs:133:34)
    at async buildEnvironment (file:///D:/Dev%20Projects/halalneo/node_modules/.pnpm/vite@8.3.0_@types+node@24.1_2cf654
3bc8df8abf06fa6266aa31cfc4/node_modules/vite/dist/node/chunks/node.js:34082:66)
    at async Object.build (file:///D:/Dev%20Projects/halalneo/node_modules/.pnpm/vite@8.3.0_@types+node@24.1_2cf6543bc8
df8abf06fa6266aa31cfc4/node_modules/vite/dist/node/chunks/node.js:34503:19)
    at async BasicMinimalPluginContext.buildApp (file:///D:/Dev%20Projects/halalneo/node_modules/.pnpm/@sveltejs+kit@3.
0.0-next.27_243d95ca9e766764238793d0c577b92f/node_modules/@sveltejs/kit/src/exports/vite/build/index.js:446:20)
    at async Object.buildApp (file:///D:/Dev%20Projects/halalneo/node_modules/.pnpm/vite@8.3.0_@types+node@24.1_2cf6543
bc8df8abf06fa6266aa31cfc4/node_modules/vite/dist/node/chunks/node.js:34497:5)
    at async CAC.<anonymous> (file:///D:/Dev%20Projects/halalneo/node_modules/.pnpm/vite@8.3.0_@types+node@24.1_2cf6543
bc8df8abf06fa6266aa31cfc4/node_modules/vite/dist/node/cli.js:780:3) {
  errors: [Getter/Setter]
}
[ELIFECYCLE] Command failed with exit code 1.
